Best Distance: 11091905.232430082
Process Time: 2058.875
Wall Time: 2059.868703999993
