Best Distance: 3531717.514825642
Process Time: 8.515625
Wall Time: 8.521512000006624
