Best Distance: 3504535.839959483
Process Time: 7.484375
Wall Time: 7.491522000054829
