Best Distance: 3582463.1675225236
Process Time: 6.84375
Wall Time: 6.8520230000140145
