Best Distance: 3607023.1382999434
Process Time: 7.5625
Wall Time: 7.551065000006929
