Best Distance: 3579031.396006341
Process Time: 7.765625
Wall Time: 7.764987000031397
