Best Distance: 6444003.457526283
Process Time: 32.65625
Wall Time: 32.68162799999118
