Best Distance: 6305151.5066586
Process Time: 140.203125
Wall Time: 140.33043299999554
