Best Distance: 6417804.688696141
Process Time: 38.0625
Wall Time: 38.078842999995686
