Best Distance: 11302910.062155386
Process Time: 176.1875
Wall Time: 176.28517399998964
