Best Distance: 6394370.8716279715
Process Time: 37.671875
Wall Time: 37.71557999998913
