Best Distance: 11427107.790256174
Process Time: 205.0
Wall Time: 205.04942999998457
