Best Distance: 3594458.7465971936
Process Time: 10.890625
Wall Time: 10.921571999992011
